test_logger - WARNING
test_logger - ERROR
__main__ - WARNING
__main__ - ERROR
